CMODE.............ucgribm           COLOR.............ucgribm
DENOM.............ucgribm           DIFF..............ucgribm
DIR...............ucgribm           FONT..............ucgribm
FONT1.............fonts             NUMER.............ucgribm
PCOLOR............ucgribm           RADIUS............ucgribm
S_TABLE...........sfont1            X0................ucgribm
X1................ucgribm           X2................ucgribm
XMAGN.............ucgribm           XP................ucgribm
XX................ucgribm           Y0................ucgribm
Y1................ucgribm           Y2................ucgribm
YMAGN.............ucgribm           YP................ucgribm
YY................ucgribm           _ang..............turtle
_angle............turtle            _atsay............string
_BACKCLR..........bios              _BEEPSP...........uc1asm
_box..............box               _box1.............box1
_box2.............box2              _BOXFILL..........ucgribm
_BOXFILL_.........ucgribm           _BURBLE...........sounds
_BUTTON...........joy               _CIRCLE...........ucgribm
_CLS..............uc1asm            _countch..........string1
_CTONE............sounds            _DELAY............delay
_DOT_.............ucgribm           _drawrow..........window
_dwarn2...........dosver            _dwarn3...........dosver
_dx120bs..........dx                _dxback...........dx
_dxbi.............dx                _dxboldst.........dx
_dxbs.............dx                _dxbsend..........dx
_dxchwide.........dx                _dxclr1tb.........dx
_dxclrtab.........dx                _dxcr.............dx
_dxdefwid.........dx                _dxeject..........dx
_dxff.............dx                _dxfor............dx
_dxhlf............dx                _dxht.............dx
_dxinit...........dx                _dxlf.............dx
_dxlinsp..........dx                _dxlmarg..........dx
_dxpglen..........dx                _dxrhlf...........dx
_dxrlf............dx                _dxsetht..........dx
_dxshast..........dx                _dxundend.........dx
_dxundlst.........dx                _dxuni............dx
_ellipser.........ellipser          _ellr_cos.........ellipser
_ellr_sin.........ellipser          _EQUIP............uc1asm
_equipchk.........equipchk          _FDOT_............ucgribm
_FLAGDEC..........mouse             _forward..........turtle
_GCOMTYPE.........uc1asm            _gcurpos..........video
_GETBCNT..........mouse             _GETBRCNT.........mouse
_GETBSTAT.........mouse             _GETCHNE..........uc1asm
_getctype.........video             _GETCURP..........bios
_getdmaj..........dosver            _getdmin..........dosver
_getdver..........dosver            _GETHPOS..........mouse
_GETKEY...........key               _getkeycd.........keyfunc
_GETSCODE.........key               _getstate.........video
_GETVPOS..........mouse             _get_page.........window
_GLISS............sounds            _gothic...........gothic
_gscrcurp.........window            _hollow...........hollow
_indexch..........string1           _indexr...........string1
_iskey............keyfunc           _kbstat...........keyfunc
_KEYSTAT..........key               _LHJOYSTK.........joy
_LIGHTPEN.........bios              _LINE.............ucgribm
_LINE_............ucgribm           _LOCATE...........ucgribm
_lprintf..........uc1c              _LPUTCH...........uc1asm
_LSTHPOS..........mouse             _LSTHRPOS.........mouse
_LSTVPOS..........mouse             _LSTVRPOS.........mouse
_LVJOYSTK.........joy               _maxcol...........video
_maxpage..........video             _maxrow...........video
_memsize..........equipchk          _MGUN.............sounds
_moveto...........turtle            _MRESET...........mouse
_MSIZE............uc1asm            _page.............window
_PAINT............ucgribm           _PAINT_...........ucgribm1
_palette..........palette           _pcurpos..........video
_pencolor.........turtle            _pendown..........turtle
_penup............turtle            _playibm..........playibm
_POINT............ucgribm           _POPPAINT.........ucgribm
_prtbs............uc1c              _prtbuzz..........uc1c
_prtcan...........uc1c              _prtcomof.........uc1c
_prtcomon.........uc1c              _prtcr............uc1c
_prtdubof.........uc1c              _prtdubon.........uc1c
_prtempof.........uc1c              _prtempon.........uc1c
_prtesc...........uc1c              _prtff............uc1c
_prtlf............uc1c              _prttab...........uc1c
_prtwidof.........uc1c              _prtwidon.........uc1c
_PUSHPAINT........ucgribm           _RASCHAR..........ucgribm1
_RDHCOUNT.........mouse             _RDVCOUNT.........mouse
_READKEY..........uc1asm            _REDALERT.........sounds
_replacech........string1           _RHJOYSTK.........joy
_RVJOYSTK.........joy               _SCANKEY..........uc1asm
_script...........script            _SETATTEN.........sound
_SETCALLM.........mouse             _SETCUR...........mouse
_SETCURP..........bios              _SETCURT..........bios
_SETFREQ..........sound             _SETHOR...........mouse
_setmode..........video             _setpage..........video
_SETPAL...........setpal            _SETPOS...........mouse
_SETTXTC..........mouse             _SETVER...........mouse
_set_page.........window            _SM...............bios
_SOUNDOFF.........sound             _SOUNDON..........sound
_SPALREG..........bios              _SPRATIO..........mouse
_sscrcurp.........window            _STCHAR...........ucgribm1
_strclr...........string            _strdel...........string1
_strpad...........string1           _strtolow.........string1
_strtoup..........string1           _tc...............turtle
_tcos.............turtle            _TONE.............music
_ts...............turtle            _tsin.............turtle
_turnleft.........turtle            _turnright........turtle
_USRFONT..........ucgribm1          _WAC..............bios
_WAITKEY..........waitkey           _WBACKCLR.........wbios
_WBDOT............wbios             _WCO..............bios
_WGBDOT...........wbios             _WGETCA...........wbios
_WGETCURP.........wbios             _WGETPEN..........wbios
_WGMODE...........wbios             _wnaddrow.........window
_wnbndry..........window            _wnceol...........window
_wnclose..........window            _wncls............window
_wncur............window            _wndelch..........window
_wndelrow.........window            _wngcurp..........window
_wngetca..........window            _wngetch..........window
_wngets...........window            _wngetstr.........window
_wninsch..........window            _WNOISE...........sounds
_wnopen...........window            _wnpchar..........window
_wnprinta.........window            _wnprintf.........window
_wnputch..........window            _wnputs...........window
_wnscroll.........window            _wnscurp..........window
_wnstrprt.........window            _wnwac............window
_WSCRLDN..........wbios             _WSCRLUP..........wbios
_WSETCURP.........wbios             _WSETCURT.........wbios
_WSETPAGE.........wbios             _WSM..............wbios
_WTTY.............bios              _WWAC.............wbios
_WWCO.............wbios             _xint.............turtle
_yint.............turtle            

bios              Offset: 00000010H  Code and data size: e0H
  _BACKCLR          _GETCURP          _LIGHTPEN         _SETCURP
  _SETCURT          _SM               _SPALREG          _WAC
  _WCO              _WTTY           

wbios             Offset: 000001f0H  Code and data size: f6H
  _WBACKCLR         _WBDOT            _WGBDOT           _WGETCA
  _WGETCURP         _WGETPEN          _WGMODE           _WSCRLDN
  _WSCRLUP          _WSETCURP         _WSETCURT         _WSETPAGE
  _WSM              _WWAC             _WWCO           

ucgribm           Offset: 00000470H  Code and data size: f22H
  CMODE             COLOR             DENOM             DIFF
  DIR               FONT              NUMER             PCOLOR
  RADIUS            X0                X1                X2
  XMAGN             XP                XX                Y0
  Y1                Y2                YMAGN             YP
  YY                _BOXFILL          _BOXFILL_         _CIRCLE
  _DOT_             _FDOT_            _LINE             _LINE_
  _LOCATE           _PAINT            _POINT            _POPPAINT
  _PUSHPAINT      

ucgribm1          Offset: 000011b0H  Code and data size: bbdH
  _PAINT_           _RASCHAR          _STCHAR           _USRFONT

sounds            Offset: 00001930H  Code and data size: 1c8H
  _BURBLE           _CTONE            _GLISS            _MGUN
  _REDALERT         _WNOISE         

joy               Offset: 00001cb0H  Code and data size: d3H
  _BUTTON           _LHJOYSTK         _LVJOYSTK         _RHJOYSTK
  _RVJOYSTK       

mouse             Offset: 00001e50H  Code and data size: 18fH
  _FLAGDEC          _GETBCNT          _GETBRCNT         _GETBSTAT
  _GETHPOS          _GETVPOS          _LSTHPOS          _LSTHRPOS
  _LSTVPOS          _LSTVRPOS         _MRESET           _RDHCOUNT
  _RDVCOUNT         _SETCALLM         _SETCUR           _SETHOR
  _SETPOS           _SETTXTC          _SETVER           _SPRATIO

sfont1            Offset: 000021b0H  Code and data size: 90cH
  S_TABLE         

dosver            Offset: 00002da0H  Code and data size: f3H
  _dwarn2           _dwarn3           _getdmaj          _getdmin
  _getdver        

keyfunc           Offset: 00003080H  Code and data size: 7aH
  _getkeycd         _iskey            _kbstat         

fonts             Offset: 00003270H  Code and data size: 1800H
  FONT1           

equipchk          Offset: 00004af0H  Code and data size: a2H
  _equipchk         _memsize        

sound             Offset: 00004d00H  Code and data size: 11cH
  _SETATTEN         _SETFREQ          _SOUNDOFF         _SOUNDON

video             Offset: 00004ec0H  Code and data size: 1d9H
  _gcurpos          _getctype         _getstate         _maxcol
  _maxpage          _maxrow           _pcurpos          _setmode
  _setpage        

music             Offset: 000052c0H  Code and data size: 48H
  _TONE           

string            Offset: 00005370H  Code and data size: 90H
  _atsay            _strclr         

string1           Offset: 00005560H  Code and data size: 1eaH
  _countch          _indexch          _indexr           _replacech
  _strdel           _strpad           _strtolow         _strtoup

window            Offset: 00005960H  Code and data size: ed0H
  _drawrow          _get_page         _gscrcurp         _page
  _set_page         _sscrcurp         _wnaddrow         _wnbndry
  _wnceol           _wnclose          _wncls            _wncur
  _wndelch          _wndelrow         _wngcurp          _wngetca
  _wngetch          _wngets           _wngetstr         _wninsch
  _wnopen           _wnpchar          _wnprinta         _wnprintf
  _wnputch          _wnputs           _wnscroll         _wnscurp
  _wnstrprt         _wnwac          

border            Offset: 00006c90H  Code and data size: 0H

key               Offset: 00006d70H  Code and data size: 23H
  _GETKEY           _GETSCODE         _KEYSTAT        

setpal            Offset: 00006e20H  Code and data size: 12H
  _SETPAL         

dx                Offset: 00006ea0H  Code and data size: 31fH
  _dx120bs          _dxback           _dxbi             _dxboldst
  _dxbs             _dxbsend          _dxchwide         _dxclr1tb
  _dxclrtab         _dxcr             _dxdefwid         _dxeject
  _dxff             _dxfor            _dxhlf            _dxht
  _dxinit           _dxlf             _dxlinsp          _dxlmarg
  _dxpglen          _dxrhlf           _dxrlf            _dxsetht
  _dxshast          _dxundend         _dxundlst         _dxuni

playibm           Offset: 00007640H  Code and data size: 108H
  _playibm        

delay             Offset: 00007920H  Code and data size: 17H
  _DELAY          

waitkey           Offset: 000079a0H  Code and data size: 11H
  _WAITKEY        

hollow            Offset: 00007a20H  Code and data size: cecH
  _hollow         

box               Offset: 000085f0H  Code and data size: 5dH
  _box            

box1              Offset: 00008770H  Code and data size: 98H
  _box1           

box2              Offset: 00008940H  Code and data size: 104H
  _box2           

palette           Offset: 00008b80H  Code and data size: 6dH
  _palette        

ellipser          Offset: 00008d20H  Code and data size: 3e6H
  _ellipser         _ellr_cos         _ellr_sin       

turtle            Offset: 00009500H  Code and data size: 7f6H
  _ang              _angle            _forward          _moveto
  _pencolor         _pendown          _penup            _tc
  _tcos             _ts               _tsin             _turnleft
  _turnright        _xint             _yint           

uc1asm            Offset: 0000a090H  Code and data size: 75H
  _BEEPSP           _CLS              _EQUIP            _GCOMTYPE
  _GETCHNE          _LPUTCH           _MSIZE            _READKEY
  _SCANKEY        

uc1c              Offset: 0000a200H  Code and data size: 198H
  _lprintf          _prtbs            _prtbuzz          _prtcan
  _prtcomof         _prtcomon         _prtcr            _prtdubof
  _prtdubon         _prtempof         _prtempon         _prtesc
  _prtff            _prtlf            _prttab           _prtwidof
  _prtwidon       

gothic            Offset: 0000a6a0H  Code and data size: 19d0H
  _gothic         

script            Offset: 0000c1c0H  Code and data size: 19d0H
  _script         
