AnyCharacter.
BaseName.
Beep.
Box.
CcolorSet.
CgaSnowFence.
Clr.
ClrTo.
ClrBox.
CursorBwd.
CursorDn.
CursorFwd.
CursorNL.
CursorUP.
DputChr.
Dread.
Dwrite.
DwriteEnd.
ExpandTabs.
FileExists.
GetaKey.
GetAttr.
GetLineN.
GetLongDate.
GetxKey.
Getxy.
GetFileSize.
Gotoxy.
HideCursor.
InsChr.
Kbq_flush.
Kbq_poll.
Kbq_read.
Kbq_snoop.
Kbq_stuff.
Kbq_tally.
LPrintChr.
LPreset.
LPbusy.
LPrintStr.
LTrim.
MkAskBox.
MkShadow.
NewExt.
OpenStr.
PadEnds.
PadLeft.
PadRight.
PopHelp.
Query.
RcolorSet.
Remove.
RepeatChr.
RestoreBox.
RTrim.
Sar.
SaveBox.
Scroll.
SetAttr.
SetVideoMode.
ShowCursor.
Strrcpy.
Tally.
TisHelp.
TMu.
TBarMu.
Trim.
TrimStr.
Vpeek.
Vpoke.
ZapAskBox.
Mouse.h.
Mouse Buttons.
HideMouse.
Mouse.
MouseAtxy.
MouseClicked.
MouseClickedxy.
MouseDeltaxy.
MouseOK.
MousePageSet.
MouseReSet.
MouseSpeed.
MouseSwitch.
MouseToxy.
MouseTrap.
MouseWait4User.
ShowMouse.
Rampage.h.
Close.
CloseNoSave.
DeleteLine.
Fetch.
Load.
LoadNoSave.
Push.
Save.
SaveAs.
