A Law.
Absolute Filter.
Ack/Nack.
ACM.
Acoustic Coupler.
A/D.
Ada.
ADCCP.
ADP.
ADPE.
ALGOL.
AKA.
Algorithm.
Algorithmic Pattern Generation.
Alphageometric.
Alphanumeric.
ALU.
A.M.
Analog.
Analog Computer.
ANSI.
Anti-Aliasing.
APL.
Archive.
ARQ.
Array Processor.
Artifact.
Aspect Ratio.
Assembly Language.
Asynchronous.
ASCII.
ARPANET.
ASIC.
ATE.
ATLAS.
AUTODIN.
Automatic Program Generator.
AUTOVON.
awk.
Backup.
Balanced line.
Bank Switching.
Bar Code.
BaseBand.
BASIC.
Batch.
Batch Stream.
Baud.
Baudot.
BCC.
BCD.
Beam Penetration.
Bed-of-Nails Tester.
Benchmarks.
BER.
Bernoulli Box.
Bias.
BIOS.
bis.
BiStable Storage Tube.
BiSync.
Bit.
Bit Bucket.
BITE.
Bit-Mapped Graphics.
Bit-Oriented Protocol.
Black Box.
Block.
BOOT.
bpi.
Break.
Bridge.
BroadBand.
BSD.
Bubble Memory.
Bubble Sort.
Bug.
Buffer.
Buzz Word.
Byte.
C.
C++.
Cache.
CAD.
CAE.
CAI.
Calculator.
CALS.
CAM.
Capstan.
CASE.
Cast.
CCITT.
CD-ROM.
Centronix.
Character-Oriented Protocols.
Chip.
Circular Buffer.
Cluster.
CMOS.
Coax.
COBOL.
Codec.
Command Interpreter.
COMMON.
Compiler.
Composite Video.
Computer.
Computer Programming.
Computer Science.
Concatenate.
Concentrator.
Context Switching.
Contiguous.
Control Characters.
Co-Processor.
Copy Protected.
Copyright.
CORE.
Core.
Correlation.
CP/M.
CPS.
CPU.
Crash.
CRC.
Cross-Talk.
Crowbar.
CRT.
Crystal.
CSMA/CD.
Current Loop.
Cycle Stealing.
D/A.
DAT.
Data.
Data Acquisition System.
Data Base.
Data Driven.
Data Encryption.
Datagram.
Data Link.
Data Set.
db.
DBMS.
DCE.
DeBugging.
DeFacto Standard.
Delimiter.
Demand Paged.
DES.
Dial-Back.
Digital.
Digital Filter.
Digitizer.
DIN.
DIP.
Directory.
Disk Cache.
Disk Pac.
Distortion.
DMA.
Document Processing.
Dongle.
DOS.
Dot Matrix.
DRAM.
Drive.
Driver.
Drop.
Drop Out.
Drum Plotter.
DSP.
DTE.
Dump.
DUT.
Dynamic.
Dynamic Range, ATE.
EBCDIC.
Echo.
ECMA.
EDAC.
EDI.
EISA.
Embedded Servo.
EMI.
Emulate.
ENQ/ACK.
EOF.
EOT.
Ergonomics.
Escape Codes.
ESD.
Exception Handling.
Expert Systems.
Fall Back.
Fault Coverage.
Fault Group.
FAX.
FDDI.
FEC.
Feedback.
FEM.
FET.
FFT.
Fiber Optics.
FIFO.
File.
File System.
File Locking.
Filter.
Finite Element Analysis.
FIPS.
Firmware.
Fixture.
Flatbed Plotter.
Flip-Flop.
Floating Decimal.
Floating Gate.
Floating Point.
Flexible Disk.
FLOPS.
Flow Chart.
Flow Control.
Flush.
FM.
FORTH.
FORTRAN.
Forward Error Correction.
Four Wire.
4GL.
Free List.
Freeware.
FSK.
FTAM.
Full Duplex.
Future Shock.
Gate.
Gateway.
GCR.
Gender Mender.
GKS.
Glitch.
Gold Module.
GOSIP.
GPIB.
Graphics.
Graphics Tablet.
Gray Code.
Guard.
GUI.
Hacker.
Half-Duplex.
Hamming Code.
Handshake.
Hard Disk.
Hard Error.
Hard Reset.
Hard Sectored.
Hardware Floating Point.
Hardware Handshake.
Hash.
Head Crash.
Headend.
Hen & Piglets.
Heuristic.
Hex.
Hierarchical Directory.
HITS.
Hollerith.
Host.
Hybrid IC.
Icon.
Idiot Stick.
IEEE.
IEEE-488.
IEEE-696.
IEEE-802.X.
IGES.
Incremental Compiler.
Information Hiding.
Inode.
Instruction Set.
Interface.
Interlaced.
Interleave Factor.
Interoperability.
Interrupt.
Interpreter.
I/O.
I/O Redirection.
ISDN.
ISO.
ISO Network.
IRM.
JAN.
Jargon.
JCL.
Johnson Code.
Joy Stick.
K.
Kermit.
Kernel.
Keypunch.
Kludge.
LAN.
LASAR.
LASER.
LASER Printer.
Learn.
Letter Quality.
LIFO.
Light Pen.
Line Printer.
Linear.
LISP.
Little Language.
Local Variables.
LOGO.
Look-and-Feel.
LPM.
LRC.
LSB.
LU6.2.
LUN.
Macro.
Mainframe.
Manchester Coding.
MCA.
Metacharacters.
MIB.
Micro Code.
Microprober.
Mid-Split.
Minicomputer.
MIPS.
MIS.
Modem.
Modular Programming.
MODULA-2.
Monti Carlo.
MOS.
Motherboard.
Mount.
Mouse.
MSB.
MS-DOS.
Multi-Drop.
Multi-Layer.
Multi-Tasking.
Multi-Wire.
MUMPS.
Mux.
N.
NAND.
Nanosecond.
Native Code.
NBS.
NCC.
Near Real Time.
Negative Resistance.
New-Line.
Nibble.
Nine Track Tape.
NIST.
NLQ.
No-Break.
Noise Floor.
NonVolatile.
NRZ.
NTSC.
Null Modem.
Object Code.
Object-Oriented Graphics.
OOL.
OCR.
Octal.
Octet.
OEM.
OpAmp.
Open System.
Open Systems Interconnect Model.
Operating System.
Optical Disk.
OS/2.
OSI.
Originate/Answer.
Overhead.
Overlay.
Packet.
PAD.
Pad.
Padding.
Page Fault.
Paging.
PAL.
Parasitic.
Parity.
Parse.
PASCAL.
PC.
PCB.
PCM.
p-Code.
Peripheral.
Pick.
PILOT.
Pink Poly.
PIP.
Pipe.
Pipeline.
Pixel.
PL/1.
PLOT-10.
Pointer.
Pointer Driven.
Poll.
Port.
Posix.
Postscript.
POTS.
Printed Circuit.
Process Control.
Program.
PROM.
Prompt.
Proportional Spacing.
Protocol.
Protocol Converter.
PS/2.
Pseudo.
Pseudo-Code.
Pseudo Random.
PSK.
Public Domain.
Public Key System.
Punched Tape.
Pushdown stack.
Push/Pop.
QAM.
Quadrature Shift Keyed.
Queue.
QWERTY.
Quasi.
Race.
Radix.
Radix-50.
Rails.
RAM.
RATFOR.
Read After Write.
Real Soon Now.
Real Time Clock.
Record.
Recursive.
Recycle.
REDUCE.
ReEntrant.
Refresh.
Regular Expressions.
Relational.
Relay.
Reload.
Report Generators.
Reverse Engineering.
RGB.
RISC.
RJE.
Roll Out.
Roll-Over.
ROM.
root.
RPN.
RS-232-C.
RS-422.
RS-423.
RS-449.
RTE.
Run-Time Module.
SAA.
SAS.
Scattergram.
Scheduler.
Scratch Pad.
Script.
Scroll.
SCSI.
Sector.
Self Modifying Code.
Semiconductor.
Servo.
Server.
SGML.
Shadow Mask.
Shelfware.
Shadow RAM.
Shareware.
Shell.
Shell Script.
Shmoo Plots.
Sidetone.
SIGGRAPH.
Signature Analysis.
Simplex.
Silicon.
Silicon Valley.
SIMM.
SLIP.
Smalltalk.
S/N.
SNA.
SNOBOL.
SneakerNet.
Soft Error.
Soft Sectored.
Software.
Software Maintenance.
Software Testing.
Source Code.
Spindle.
Spinning Storage.
Splatter.
SPOOL.
Stack.
Stacking.
Stagger.
Standards.
stderr.
stdin.
stdout.
Start/Stop.
Statistical Mux.
Stepping Motor.
Storage Tube.
Store And Forward.
Store-And-Test.
Streaming.
Streams.
String.
Strong Type Checking.
Structured Programming.
Stuck-Ats.
Super User.
SVID.
Swap.
Swap Block.
Sweet-Spot.
System Second.
Synchronous.
Sysgen.
Sytek.
T1.
Table Driven.
Tape.
Tape, Cartridge.
Tape, Cassette.
Tape, 8 Track.
tar.
TCP/IP.
TEKTEST.
TEKTEST, System.
Teletype.
TELEX.
TEMPEST.
Terminal Emulation.
Texas Instruments 553 ATE.
Threading.
Throughput.
Time Share.
Time Slicing.
Token.
Token Passing.
Tool.
Transaction Processing.
Translator.
Transmission Line.
Trap.
Trojan Horse.
TSR.
TTY.
Tunneling.
Turn-Key.
Twist Pair.
UART.
UCSD Pascal.
Unix.
UPS.
User Friendly.
uucp.
V.32.
Vacuum-Column.
Vacuum Tube.
Vaporware.
Vcc.
VDI.
VDM.
VDT.
Vector Display.
Vector Set.
VHSIC.
Virtual Circuit.
Virtual Memory.
Virtual Memory, Operation of.
Virus.
VMS.
Voice Coil Actuator.
VU.
Warm Start.
Whetstone.
White Noise.
White Space.
Widget.
Winchester.
Windows.
WOM.
Word Length.
WORM.
Worm.
WPM.
Writable Control Store.
Write Protect.
Write Ring.
WYSIWYG.
X.
X.25.
X3.64.
X.400 MHS.
XENIX.
Xerography.
X-ON/X-OFF.
X-Terminal.
YAM.
Zener.
Zmodem.
