tracdemo.c:   36:main        :begin RCsid           =
    $Id: tracdemo.c 1.5 89/11/24 14:21:07 Bill_Rogers Exp $
tracdemo.c:   38:main        :bool  b               =TRUE
tracdemo.c:   39:main        :char  c               ='c'
tracdemo.c:   40:main        :dbl   d               =+1.234567890123450e+01
tracdemo.c:   41:main        :hex   h               =ABCD
tracdemo.c:   42:main        :int   i               =+12345
tracdemo.c:   43:main        :float f               =+1.234567e+01
tracdemo.c:   44:main        :lhex  lh              =89ABCDEF
tracdemo.c:   45:main        :long  l               =+123456789
tracdemo.c:   46:main        :ptr   p               =26C3:142B
tracdemo.c:   47:main        :str   s               =
    'here is a string'
tracdemo.c:   16:func1       :begin RCsid           =
    $Id: tracdemo.c 1.5 89/11/24 14:21:07 Bill_Rogers Exp $
tracdemo.c:   17:func1       :int   i               =+23456
tracdemo.c:   18:func1       :end   
tracdemo.c:   51:main        :end   
