Originally, unbundled files are stored in the following five directories:

docs
parser
prelude
sources
tests

The names of some files are changed because they are imported from UNIX to
MSDOS. Those changes are shown below:

original name		--> distribution name

<< docs	>>

BUGS
INDEX
Makefile		--> makefile.doc
READ_ME
apndx1
books
install
macros
st.1
syntax
userman

<< parser >>

Makefile		--> makefile.par
cmds.h
disclaim
drive.h
env.h
lex.yy.c		--> lexyy.c
parse1.c
parse2.c
parser.h
parser.lex
parser.y
primnum.h
uchar.c
y.tab.c			--> ytab.c
y.tab.h			--> ytab.h

<< prelude >>

Makefile		--> makefile.pre
acollection.st		--> acollect.st
array.st
bag.st
block.st
boolean.st
bytearray.st		--> byterarr.st
char.st
class.st
collection.st		--> collecti.st
dictionary.st		--> dictiona.st
false.st
file.st
float.st
form.st
init
integer.st
interval.st
kcollection.st		--> kcollect.st
larray.st
list.st
magnitude.st		--> magnitud.st
nil.st
number.st
object.st
pen.st
point.st
process.st
radian.st
random.st
savescript		--> savescri
scollection.st		--> scollent.st
semaphore.st
set.st
smalltalk.st		--> smalltal.st
string.st
symbol.st
true.st

<< sources >>

Makefile		--> makefile.sou
array.c
block.c
block.h
byte.c
byte.h
class.c
cldict.c
courier.c
disclaim
drive.c
file.c
file.h
interp.c
interp.h
lex.c
lexcmd.c
line.c
main.c
newmal.c
number.c
number.h
object.c
object.h
primitive.c		--> primitiv.c
primitive.h		--> primitiv.h
process.c
process.h
sstr.c
string.c
string.h
symbol.c
symbol.h
symbols
syms.c

<< tests >>

4queen.out
4queen.st
8queen.st
Makefile		--> makefile.tes
basic.out
basic.st
blocks.out
blocks.st
check.st
collect.out
collect.st
cond.st
control.st
copy.out
copy.st
fib.st
file.out
file.st
fork.out
fork.st
generator.st		--> generato.st
in
new.out
new.st
num.out
num.st
penshow.st
phil.out
phil.st
plane.st
prime.st
prime3.st
prime4.st
primes.out
primes.st
prob.st
sim1.out
sim1.st
sim2.out
sim2.st
sim3.out
sim3.st
super.out
super.st
temp.st
turing.st
visitor.st
