
--> FILE:  C       .COM		CRC = E0 0F

--> FILE:  CRYPT   .HLP		CRC = F1 BA

--> FILE:  MERGE   .HLP		CRC = 6C B3

--> FILE:  CASE    .HLP		CRC = 30 A6

--> FILE:  MERGEM  .HLP		CRC = 9B B1

--> FILE:  MIX     .HLP		CRC = 10 BB

--> FILE:  NUM     .HLP		CRC = 02 07

--> FILE:  CB      .HLP		CRC = 27 DF

--> FILE:  CHECK   .COM		CRC = 44 0F

--> FILE:  PAGE    .HLP		CRC = 79 BD

--> FILE:  CONTENTS.HLP		CRC = C2 5B

--> FILE:  SEARCH  .HLP		CRC = 95 E4

--> FILE:  SELECT  .HLP		CRC = 3D 5C

--> FILE:  EXAMPLE .HLP		CRC = 58 DD

--> FILE:  SORT    .HLP		CRC = 6A E1

--> FILE:  SORTM   .HLP		CRC = F6 53

--> FILE:  SPLIT   .HLP		CRC = C9 3F

--> FILE:  2UP     .HLP		CRC = 67 9A

--> FILE:  BATCH   .HLP		CRC = E3 EC

--> FILE:  CAT     .HLP		CRC = 7B 4F

--> FILE:  CLEAN   .HLP		CRC = 7B 2C

--> FILE:  COMPRESS.HLP		CRC = A4 58

--> FILE:  SUB     .HLP		CRC = D2 52

--> FILE:  SUM     .HLP		CRC = 19 B4

--> FILE:  TEE     .HLP		CRC = 8B 40

--> FILE:  TOOLKIT .HLP		CRC = A3 FC

--> FILE:  DELETE  .HLP		CRC = FE 8A

--> FILE:  ECHO    .HLP		CRC = 24 10

--> FILE:  ENTAB   .HLP		CRC = 76 A3

--> FILE:  EXPAND  .HLP		CRC = FA 3C

--> FILE:  HEAD    .HLP		CRC = DD D9

--> FILE:  HELP    .HLP		CRC = 0B 43

--> FILE:  IF      .HLP		CRC = 1D 63

--> FILE:  INDEX   .HLP		CRC = A1 7E

--> FILE:  LS      .HLP		CRC = 0B 87

--> FILE:  README  .HLP		CRC = 5D 4D

--> FILE:  UNIQUE  .HLP		CRC = 28 8D

--> FILE:  WORDS   .HLP		CRC = 6C C3

--> FILE:  LS      .COM		CRC = 43 53

--> FILE:  2UP     .COM		CRC = F8 98

--> FILE:  HELP    .COM		CRC = A1 1C

--> FILE:  C       .HLP		CRC = E2 B0

--> FILE:  CHECK   .HLP		CRC = F9 C4
