JUG-CP/M Public Domain Software Library, Volume 53.         87-06-10

        Software Tools in Lattice C V3.1 for 8086/80186/V20/V30
          by Hakuo Katayose (No.179) and Toshiya Ohta (No.10)

The contents of TOOLSMAIN.ARC in JUGPDS Vol.53

Name           Length    Date     
============  ========  =========
ARCHIVE.C         7660   7 Feb 87 File maintainer
CHANGE.C          7334   7 Feb 87 Change "from" into "to"
COMPARE.C         2945   7 Feb 87 Compare file 1 to file 2
COMPRESS.C        1737   7 Feb 87 Compress standard input
CONCAT0.C         1539   7 Feb 87 Concatenate named files onto standard output
CONCAT1.C         1503   7 Feb 87  /
COUNT.C           1440   7 Feb 87 charcount+linecount+wordcount
CRYPT0.C          1590   7 Feb 87 Encrypt and decrypt
CRYPT1.C          1927   7 Feb 87  /
DETAB.C           1659   7 Feb 87 Convert tabs to equivalent number of blanks
ENTAB.C           1768   7 Feb 87 Replace blanks by tabs and blanks
EXPAND.C          1430   7 Feb 87 uncompress standard input
FIND0.C           4397   7 Feb 87 Find patterns in text
FIND1.C           6245   7 Feb 87  /
FORMAT.C         10792   7 Feb 87 text formatter
FRQNCY.C          2558   7 Feb 87 C word count
KWIC.C            2208   7 Feb 87 KeyWord In Context
MACRO.C          10605   7 Feb 87 Expand macros with arguments
MSORT.C           4661   7 Feb 87 Sort text in memory
OVERSTRK.C        2697   7 Feb 87 Convert backspaces into multiple lines
SORT.C            8279   7 Feb 87 External sort with merge
TRANSLIT.C        2800   7 Feb 87 Map characters
UNIQUE.C          2119   7 Feb 87 Strip adjacent duplicate lines
UNROT.C           2302   7 Feb 87 Unrotate lines rotated by kwic

----------------------------------------------------------------------------

The contents of TOOLSUB.ARC in JUGPDS Vol.52

Name           Length    Date     
============  ========  =========
ADDSET.C          1125  30 Nov 86   Library functions for Software Tools
ATOI.C            1233  30 Nov 86                              /
CINDEX.C          1117  30 Nov 86                             /
DODASH.C          1302  30 Nov 86                            /
ERROR.C           1004  30 Nov 86                           /
ESC.C             1454  30 Nov 86                          /
FGETLIN.C         1333  30 Nov 86                         /
FILSET.C          2086  30 Nov 86                        /
GETCCL.C          1352  30 Nov 86                       /
GETLIN.C          1276  30 Nov 86                      /
GETPAT.C           998   7 Feb 87                     /
GETWORD.C         1244  30 Nov 86                    /
GETWRD.C          1238  30 Nov 86                   /
ITOA.C            1093  30 Nov 86                  /
ITOD.C            1309   7 Feb 87                 /
LOCATE.C          1098   7 Feb 87                /
MAKPAT.C          2441  30 Nov 86               /
MISC.C            4156  30 Nov 86              /
QUICK.C           1326   7 Feb 87             /
STCLOS.C          1372  30 Nov 86            /
STRDCMP.C         1180  30 Nov 86           /
STRDFCMP.C        1211  30 Nov 86          /
STRFCMP.C         1095  30 Nov 86         /
STRSAVE.C         1069   7 Feb 87        /
SWAP.C            1249  30 Nov 86       /
TYPE.C            1039  30 Nov 86      /
XINDEX.C          1223  30 Nov 86     /
_COPY.C           1038  30 Nov 86    /
_ITOA.C           1118  30 Nov 86   /
6   /
