bg       c      18015  10-14-86   6:10p     Backgammon ii for MS-DOS
bgdisp   c       5748  10-14-86   6:10p     Backgammon ii for MS-DOS
bgtalk   c       9611  10-14-86   6:10p     Backgammon ii for MS-DOS
bg       exe    24832  10-14-86   6:11p     Backgammon ii for MS-DOS
capitals c        722   9-30-86   8:38p     Capitalization filter
capitals doc      648   8-04-86   8:25p     Capitalization filter
capitals exe     4288   7-21-86   2:40p     Capitalization filter
ccl-cl   c        949   9-30-86   8:38p     Remove multiple carriage returns
ccl-cl   doc     1104   8-10-86   6:58p     Remove multiple carriage returns
ccl-cl   exe     4030   9-24-86   8:42p     Remove multiple carriage returns
color    c       2787   8-03-86   4:56p     Color command
color    doc      946   8-04-86   8:25p     Color command
color    exe     6320   7-28-86   4:52p     Color command
convert  c        444   8-03-86   4:59p     Hex-decimal arithmetic
convert  exe     6130  10-08-86   7:33p     Hex-decimal arithmetic
detab    c       1603   9-30-86   8:38p     Detabber a la software tools
detab    doc      494   8-04-86   8:25p     Detabber a la software tools
detab    exe     7570   8-03-86   6:19p     Detabber a la software tools
entab    c       2706   9-30-86   8:38p     Entabber a la software tools
entab    doc      479   8-04-86   8:25p     Entabber a la software tools
entab    exe     7792   8-03-86   6:19p     Entabber a la software tools
expose   c        673   9-23-86   3:25p     Show printable characters in file
expose   exe     7664  10-08-86   7:33p     Show printable characters in file
fish     c      11433  10-08-86   4:06p     Children's card game
fish     exe    13478  10-08-86   3:17p     Children's card game
fkey     c        369  10-08-86   4:36p     Function key setting program
fkey     exe     5958  10-08-86   7:34p     Function key setting program
freq     c       1238   9-30-86   8:39p     Word frequency counter
freq     doc      781   8-04-86   8:25p     Word frequency counter
freq     exe     6580   8-01-86   2:56p     Word frequency counter
lowcase  c        768   9-30-86   8:39p     Lowercase command (see capitals)
lowcase  doc      563   8-04-86   8:25p     Lowercase command (see capitals)
lowcase  exe     4288   7-21-86   2:41p     Lowercase command (see capitals)
rs       c       1724   9-30-86   8:39p     Removes whitespace at ends of lines
rs       doc      675   8-04-86   8:25p     Removes whitespace at ends of lines
rs       exe     6988   7-29-86   8:11p     Removes whitespace at ends of lines
tee      c       1157   9-30-86   8:39p     UNIX tee filter
tee      doc     1029   8-04-86   8:25p     UNIX tee filter
tee      exe     7380   7-21-86   8:23p     UNIX tee filter
timemark c        150   7-20-86   4:31p     Emulates Peter Norton's utility
timemark exe     8428  10-08-86   7:34p     Emulates Peter Norton's utility
white    c       1474   9-30-86   8:39p     Counts whitespaces in files
white    doc      406   8-04-86   8:25p     Counts whitespaces in files
white    exe     7556   8-03-86   8:21p     Counts whitespaces in files
words    c        887   9-30-86   8:39p     UNIX words filter
words    doc      582   8-04-86   8:25p     UNIX words filter
words    exe     4368   7-31-86  10:06a     UNIX words filter
wstype   c       1525   9-30-86   8:39p     MS-DOS type command
wstype   doc      474   8-04-86   8:25p     MS-DOS type command
wstype   exe     7584   7-15-86   3:16p     MS-DOS type command
