SPED FRIES RIDS
CAVE LOCAL ARIA
APES OPERA DENY
RARE WED CRISES
   RYES SKIS   
STATED SHEPHERD
HIRES PAINS LIE
AGED GALES RUDE
PEN TALES CEDED
ERASURES WAVERS
   ARMS PINE   
REFINE MAD NEAT
OVAL NOISE GAME
DIME TILTS EVEN
SLED SLEET DENT
<Hastened
Burger's "partner"
Frees (of)
Grotto
Not widespread
Opera selection
Copies
Musical drama
Declare (a statement) untrue
Uncommon
Marry
Turning points
Dark breads
Takes to the slopes
Declared
Flock tender
Employs
Aches
Recline
On in years
Strong winds
Discourteous
Farm enclosure
Stories
Yielded
Signs of corrections
Shows doubt
Upper limbs
Fir tree
Purify
Angry
Orderly
Egg-shaped
Loud racket
Sport
Small coin
Tips; slopes
Smooth
Winter vehicle
Rain-snow mixture
Slight hollow
<Wound mark
Father
Always
Abandoned
Streamed
Stout cords
Chilled
Hearing organ
Loosens, as a rope
Salad vegetable
Angers
Sup
Speaks
Tears
Favorable reply
Draws back (from)
Form
Wild cat
Sports stadium
Auctions
Avoid by cunning
Horse's burden
Acts
Loses color
Clothes
Retaliated for
Revolve
Metal container
Went by Schooner
Broadest
Adhesive for paper
Fishing poles
Wicked
Renown
Distance measure
Roof edge
So be it!
Camper's shelter
Lubricate
