_dio_bget.........DIOFNC10          _dio_bitget.......DIOFNC04
_dio_bitput.......DIOFNC03          _dio_bput.........DIOFNC09
_dio_config.......DIOFNC02          _dio_dump_bytes...DIOFNC07
_dio_get_byte.....DIOFNC06          _dio_init.........DIOFNC01
_dio_load_bytes...DIOFNC08          _dio_pa_aloc......DIOFNC11
_dio_pa_bitget....DIOFNC11          _dio_pa_bitput....DIOFNC11
_dio_pa_config....DIOFNC11          _dio_pa_free......DIOFNC11
_dio_pa_getptr....DIOFNC11          _dio_pa_setadr....DIOFNC11
_dio_put_byte.....DIOFNC05          

DIOFNC01          Offset: 00000010H  Code and data size: 48H
  _dio_init       

DIOFNC02          Offset: 00000160H  Code and data size: 76H
  _dio_config     

DIOFNC03          Offset: 000002f0H  Code and data size: a6H
  _dio_bitput     

DIOFNC04          Offset: 000004b0H  Code and data size: 7cH
  _dio_bitget     

DIOFNC05          Offset: 00000640H  Code and data size: 56H
  _dio_put_byte   

DIOFNC06          Offset: 000007b0H  Code and data size: 5cH
  _dio_get_byte   

DIOFNC07          Offset: 00000930H  Code and data size: 4aH
  _dio_dump_bytes 

DIOFNC08          Offset: 00000aa0H  Code and data size: 4eH
  _dio_load_bytes 

DIOFNC09          Offset: 00000c10H  Code and data size: 1cH
  _dio_bput       

DIOFNC10          Offset: 00000dc0H  Code and data size: 28H
  _dio_bget       

DIOFNC11          Offset: 00000f80H  Code and data size: 346H
  _dio_pa_aloc      _dio_pa_bitget    _dio_pa_bitput    _dio_pa_config
  _dio_pa_free      _dio_pa_getptr    _dio_pa_setadr  
