_dio_bget.........DIOFNC10          _dio_bitget.......DIOFNC04
_dio_bitput.......DIOFNC03          _dio_bput.........DIOFNC09
_dio_config.......DIOFNC02          _dio_dump_bytes...DIOFNC07
_dio_get_byte.....DIOFNC06          _dio_init.........DIOFNC01
_dio_load_bytes...DIOFNC08          _dio_pa_aloc......DIOFNC11
_dio_pa_bitget....DIOFNC11          _dio_pa_bitput....DIOFNC11
_dio_pa_config....DIOFNC11          _dio_pa_free......DIOFNC11
_dio_pa_getptr....DIOFNC11          _dio_pa_setadr....DIOFNC11
_dio_put_byte.....DIOFNC05          

DIOFNC01          Offset: 00000010H  Code and data size: 48H
  _dio_init       

DIOFNC02          Offset: 00000160H  Code and data size: 78H
  _dio_config     

DIOFNC03          Offset: 00000300H  Code and data size: a8H
  _dio_bitput     

DIOFNC04          Offset: 000004d0H  Code and data size: 7eH
  _dio_bitget     

DIOFNC05          Offset: 00000670H  Code and data size: 58H
  _dio_put_byte   

DIOFNC06          Offset: 000007f0H  Code and data size: 5eH
  _dio_get_byte   

DIOFNC07          Offset: 00000970H  Code and data size: 4cH
  _dio_dump_bytes 

DIOFNC08          Offset: 00000ae0H  Code and data size: 50H
  _dio_load_bytes 

DIOFNC09          Offset: 00000c60H  Code and data size: 1eH
  _dio_bput       

DIOFNC10          Offset: 00000e20H  Code and data size: 2aH
  _dio_bget       

DIOFNC11          Offset: 00000fe0H  Code and data size: 352H
  _dio_pa_aloc      _dio_pa_bitget    _dio_pa_bitput    _dio_pa_config
  _dio_pa_free      _dio_pa_getptr    _dio_pa_setadr  
