_chp_portrd.......CHIPFN02          _chp_portwt.......CHIPFN01
_I8255_bitget.....I8255F04          _I8255_bitput.....I8255F03
_I8255_bittog.....I8255F09          _I8255_config.....I8255F02
_I8255_dump_bytes..I8255F07         _I8255_get_byte...I8255F06
_I8255_init.......I8255F01          _I8255_load_bytes..I8255F08
_I8255_put_byte...I8255F05          

I8255F01          Offset: 00000010H  Code and data size: 42H
  _I8255_init     

I8255F02          Offset: 00000160H  Code and data size: 80H
  _I8255_config   

I8255F03          Offset: 00000300H  Code and data size: 194H
  _I8255_bitput   

I8255F04          Offset: 000005c0H  Code and data size: d8H
  _I8255_bitget   

I8255F05          Offset: 000007c0H  Code and data size: baH
  _I8255_put_byte 

I8255F06          Offset: 000009a0H  Code and data size: e8H
  _I8255_get_byte 

I8255F07          Offset: 00000bb0H  Code and data size: 66H
  _I8255_dump_bytes                 

I8255F08          Offset: 00000d50H  Code and data size: 76H
  _I8255_load_bytes                 

I8255F09          Offset: 00000f00H  Code and data size: 10aH
  _I8255_bittog   

CHIPFN01          Offset: 00001130H  Code and data size: 1eH
  _chp_portwt     

CHIPFN02          Offset: 000012f0H  Code and data size: 2bH
  _chp_portrd     
