_chp_portrd.......CHIPFN02          _chp_portwt.......CHIPFN01
_I8255_bitget.....I8255F04          _I8255_bitput.....I8255F03
_I8255_bittog.....I8255F09          _I8255_config.....I8255F02
_I8255_dump_bytes..I8255F07         _I8255_get_byte...I8255F06
_I8255_init.......I8255F01          _I8255_load_bytes..I8255F08
_I8255_put_byte...I8255F05          

I8255F01          Offset: 00000010H  Code and data size: 3cH
  _I8255_init     

I8255F02          Offset: 00000150H  Code and data size: 76H
  _I8255_config   

I8255F03          Offset: 000002e0H  Code and data size: 184H
  _I8255_bitput   

I8255F04          Offset: 00000580H  Code and data size: ceH
  _I8255_bitget   

I8255F05          Offset: 00000770H  Code and data size: b0H
  _I8255_put_byte 

I8255F06          Offset: 00000940H  Code and data size: dcH
  _I8255_get_byte 

I8255F07          Offset: 00000b40H  Code and data size: 5aH
  _I8255_dump_bytes                 

I8255F08          Offset: 00000cd0H  Code and data size: 66H
  _I8255_load_bytes                 

I8255F09          Offset: 00000e60H  Code and data size: fcH
  _I8255_bittog   

CHIPFN01          Offset: 00001080H  Code and data size: 1cH
  _chp_portwt     

CHIPFN02          Offset: 00001230H  Code and data size: 28H
  _chp_portrd     
