Stack Allocation = 32768 bytes

 FLEX

 Start     Length     Name                   Class
 0001:0000 01174H     MAIN_TEXT              CODE
 0001:1174 00248H     CCL_TEXT               CODE
 0001:13BC 00D9EH     DFA_TEXT               CODE
 0001:215A 002E8H     ECS_TEXT               CODE
 0001:2442 007BAH     MISC_TEXT              CODE
 0001:2BFC 00B96H     NFA_TEXT               CODE
 0001:3792 00FC4H     PARSE_TEXT             CODE
 0001:4756 013C4H     SCAN_TEXT              CODE
 0001:5B1A 0049CH     SYM_TEXT               CODE
 0001:5FB6 02546H     TBLCMP_TEXT            CODE
 0001:84FC 0041EH     YYLEX_TEXT             CODE
 0001:891A 043C6H     _TEXT                  CODE
 0001:CCE0 00000H     C_ETEXT                ENDCODE
 0002:0000 02EB0H     FAR_BSS                FAR_BSS
 0003:0000 00042H     NULL                   BEGDATA
 0003:0042 03740H     _DATA                  DATA
 0003:3782 0000EH     CDATA                  DATA
 0003:3790 00000H     XIFB                   DATA
 0003:3790 00000H     XIF                    DATA
 0003:3790 00000H     XIFE                   DATA
 0003:3790 00000H     XIB                    DATA
 0003:3790 00000H     XI                     DATA
 0003:3790 00000H     XIE                    DATA
 0003:3790 00000H     XPB                    DATA
 0003:3790 00004H     XP                     DATA
 0003:3794 00000H     XPE                    DATA
 0003:3794 00000H     XCB                    DATA
 0003:3794 00000H     XC                     DATA
 0003:3794 00000H     XCE                    DATA
 0003:3794 00000H     XCFB                   DATA
 0003:3794 00000H     XCF                    DATA
 0003:3794 00000H     XCFE                   DATA
 0003:3794 0021EH     CONST                  CONST
 0003:39B2 00008H     HDR                    MSG
 0003:39BA 000FAH     MSG                    MSG
 0003:3AB4 00002H     PAD                    MSG
 0003:3AB6 00001H     EPAD                   MSG
 0003:3AB8 01B80H     _BSS                   BSS
 0003:5638 00000H     XOB                    BSS
 0003:5638 00000H     XO                     BSS
 0003:5638 00000H     XOE                    BSS
 0003:5640 00000H     c_common               BSS
 0003:5640 08000H     STACK                  STACK

 Origin   Group
 0003:0   DGROUP

Program entry point at 0001:892A
