_alternate_warning_sound..sound     _beep_beep........sound
_blaat............sound             _clear_input_devices..menu
_count_files......dos_func          _data_multiply....fft
_dbl_scale........fft               _del_fhandle......dos_func
_disk_space.......dos_func          _error_msg........sound
_fft..............fft               _fget_time_date...dos_func
_fname_unused.....dos_func          _get_adaptor......msc_grph
_get_dir..........dos_func          _get_file.........menu
_get_filter.......fft               _get_mouse_flag...menu
_herc_bar.........hercplot          _herc_line........hercplot
_hpgl_bar.........hpglplot          _hpgl_endline.....hpgl
_hpgl_graph.......hpglplot          _hpgl_init........hpgl
_hpgl_label.......hpgl              _hpgl_line........hpgl
_hpgl_moveto......hpgl              _hpgl_selectpen...hpgl
_hpgl_startline...hpgl              _hpgl_write.......hpgl
_int_scale........fft               _long_scale.......fft
_menu.............menu              _menu_mouse_config..menu
_mgetch...........menu              _mgets............menu
_minmax...........fft               _mouse_flag_toggle..menu
_mouse_warning_sound..sound         _msc_bar..........msc_grph
_msc_line.........msc_grph          _pathprint........menu
_pause............sound             _polar_to_xy......fft
_print_headline...menu              _ready_beep.......sound
_read_timer.......sound             _reset_menu.......menu
_sound............sound             _unscramble_transform..fft
_xy_to_polar......fft               

hpgl              Offset: 00000010H  Code and data size: 381H
  _hpgl_endline     _hpgl_init        _hpgl_label       _hpgl_line
  _hpgl_moveto      _hpgl_selectpen   _hpgl_startline   _hpgl_write

sound             Offset: 000006a0H  Code and data size: 3dbH
  _alternate_warning_sound            _beep_beep        _blaat
  _error_msg        _mouse_warning_sound                _pause
  _ready_beep       _read_timer       _sound          

hercplot          Offset: 00000eb0H  Code and data size: 451H
  _herc_bar         _herc_line      

menu              Offset: 000016c0H  Code and data size: 1312H
  _clear_input_devices                _get_file         _get_mouse_flag
  _menu             _menu_mouse_config                  _mgetch
  _mgets            _mouse_flag_toggle                  _pathprint
  _print_headline   _reset_menu     

hpglplot          Offset: 00002f10H  Code and data size: 4dcH
  _hpgl_bar         _hpgl_graph     

dos_func          Offset: 000036e0H  Code and data size: 7d9H
  _count_files      _del_fhandle      _disk_space       _fget_time_date
  _fname_unused     _get_dir        

fft               Offset: 000042b0H  Code and data size: 117bH
  _data_multiply    _dbl_scale        _fft              _get_filter
  _int_scale        _long_scale       _minmax           _polar_to_xy
  _unscramble_transform               _xy_to_polar    

msc_grph          Offset: 00005c00H  Code and data size: 722H
  _get_adaptor      _msc_bar          _msc_line       
