
**********

First Pass: FUNC_CA

Opened Include File: stdio.h (9)
Closing Include: stdio.h (9). Returning to Module: FUNC_CA (8)

Opened Include File: string.h (9)
Closing Include: string.h (9). Returning to Module: FUNC_CA (8)

Opened Include File: ctype.h (9)
Closing Include: ctype.h (9). Returning to Module: FUNC_CA (8)

Opened Include File: stdlib.h (9)
Closing Include: stdlib.h (9). Returning to Module: FUNC_CA (8)

Opened Include File: graph.h (9)
Closing Include: graph.h (9). Returning to Module: FUNC_CA (8)

Opened Include File: keywords.h (9)
Closing Include: keywords.h (9). Returning to Module: FUNC_CA (8)

Opened Include File: ca.h (9)
Closing Include: ca.h (9). Returning to Module: FUNC_CA (8)

Opened Include File: ca_decl.h (9)
Closing Include: ca_decl.h (9). Returning to Module: FUNC_CA (8)

USER DEFINED TYPES AND MODIFIERS IN: FUNC_CA 
0: _FAR_ [ Modifier ]
1: size_t [ Type ]
2: va_list [ Type ]
3: FILE [ Type ]
4: fpos_t [ Type ]
5: _LOADDS_ [ Modifier ]
6: onexit_t [ Type ]
7: div_t [ Type ]
8: ldiv_t [ Type ]
9: IF_DEF [ Type ]
10: FLAG_S [ Modifier ]
11: UINT [ Type ]



#UNDEFS & BOOLEAN DEFINES WITH TRUTH VALUES
_FAR_, 1
_SIZE_T_DEFINED, 1
_VA_LIST_DEFINED, 1
_FILE_DEFINED, 1
_FPOS_T_DEFINED, 1
_STDIO_DEFINED, 1
getc, 0
putc, 0
getchar, 0
putchar, 0
_CTYPE_DEFINED, 1
_LOADDS_, 1
_ONEXIT_T_DEFINED, 1
_DIV_T_DEFINED, 1
_VIDEOCONFIG_DEFINED, 1
_XYCOORD_DEFINED, 1
_RCCOORD_DEFINED, 1
_WXYCOORD_DEFINED, 1
_FONTINFO_DEFINED, 1
TYPEDEF_DEFINE, 1
TDEF_EXTERNAL, 1
TDEF_NUM, 1
INCLUDEFILES_DEFINE, 1
TYPES_DEFINED, 1
TESTRUN, 1
FUNC_STRUC, 1
_GLOBALS_LIST, 1
IFDEFS_DEFINED, 1


Second Pass: FUNC_CA

Opened Include File: stdio.h (9)
Closing Include: stdio.h (9). Returning to Module: FUNC_CA (8)

Opened Include File: string.h (9)
Closing Include: string.h (9). Returning to Module: FUNC_CA (8)

Opened Include File: ctype.h (9)
Closing Include: ctype.h (9). Returning to Module: FUNC_CA (8)

Opened Include File: stdlib.h (9)
Closing Include: stdlib.h (9). Returning to Module: FUNC_CA (8)

Opened Include File: graph.h (9)
Closing Include: graph.h (9). Returning to Module: FUNC_CA (8)

Opened Include File: keywords.h (9)
Closing Include: keywords.h (9). Returning to Module: FUNC_CA (8)

Opened Include File: ca.h (9)
Closing Include: ca.h (9). Returning to Module: FUNC_CA (8)

Opened Include File: ca_decl.h (9)
Closing Include: ca_decl.h (9). Returning to Module: FUNC_CA (8)


#UNDEFS & BOOLEAN DEFINES WITH TRUTH VALUES
_FAR_, 1
_SIZE_T_DEFINED, 1
_VA_LIST_DEFINED, 1
_FILE_DEFINED, 1
_FPOS_T_DEFINED, 1
_STDIO_DEFINED, 1
getc, 0
putc, 0
getchar, 0
putchar, 0
_CTYPE_DEFINED, 1
_LOADDS_, 1
_ONEXIT_T_DEFINED, 1
_DIV_T_DEFINED, 1
_VIDEOCONFIG_DEFINED, 1
_XYCOORD_DEFINED, 1
_RCCOORD_DEFINED, 1
_WXYCOORD_DEFINED, 1
_FONTINFO_DEFINED, 1
TYPEDEF_DEFINE, 1
TDEF_EXTERNAL, 1
TDEF_NUM, 1
INCLUDEFILES_DEFINE, 1
TYPES_DEFINED, 1
TESTRUN, 1
FUNC_STRUC, 1
_GLOBALS_LIST, 1
IFDEFS_DEFINED, 1


**********

First Pass: LINKL_CA

Opened Include File: stdio.h (9)
Closing Include: stdio.h (9). Returning to Module: LINKL_CA (8)

Opened Include File: string.h (9)
Closing Include: string.h (9). Returning to Module: LINKL_CA (8)

Opened Include File: ca.h (9)
Closing Include: ca.h (9). Returning to Module: LINKL_CA (8)

Opened Include File: ca_decl.h (9)
Closing Include: ca_decl.h (9). Returning to Module: LINKL_CA (8)

USER DEFINED TYPES AND MODIFIERS IN: LINKL_CA 
0: _FAR_ [ Modifier ]
1: size_t [ Type ]
2: va_list [ Type ]
3: FILE [ Type ]
4: fpos_t [ Type ]
5: IF_DEF [ Type ]



#UNDEFS & BOOLEAN DEFINES WITH TRUTH VALUES
_FAR_, 1
_SIZE_T_DEFINED, 1
_VA_LIST_DEFINED, 1
_FILE_DEFINED, 1
_FPOS_T_DEFINED, 1
_STDIO_DEFINED, 1
getc, 0
putc, 0
getchar, 0
putchar, 0
FUNC_STRUC, 1
_GLOBALS_LIST, 1
IFDEFS_DEFINED, 1


Second Pass: LINKL_CA

Opened Include File: stdio.h (9)
Closing Include: stdio.h (9). Returning to Module: LINKL_CA (8)

Opened Include File: string.h (9)
Closing Include: string.h (9). Returning to Module: LINKL_CA (8)

Opened Include File: ca.h (9)
Closing Include: ca.h (9). Returning to Module: LINKL_CA (8)

Opened Include File: ca_decl.h (9)
Closing Include: ca_decl.h (9). Returning to Module: LINKL_CA (8)


#UNDEFS & BOOLEAN DEFINES WITH TRUTH VALUES
_FAR_, 1
_SIZE_T_DEFINED, 1
_VA_LIST_DEFINED, 1
_FILE_DEFINED, 1
_FPOS_T_DEFINED, 1
_STDIO_DEFINED, 1
getc, 0
putc, 0
getchar, 0
putchar, 0
FUNC_STRUC, 1
_GLOBALS_LIST, 1
IFDEFS_DEFINED, 1


**********

First Pass: PARSE_CA

Opened Include File: stdio.h (9)
Closing Include: stdio.h (9). Returning to Module: PARSE_CA (8)

Opened Include File: stdlib.h (9)
Closing Include: stdlib.h (9). Returning to Module: PARSE_CA (8)

Opened Include File: string.h (9)
Closing Include: string.h (9). Returning to Module: PARSE_CA (8)

Opened Include File: ctype.h (9)
Closing Include: ctype.h (9). Returning to Module: PARSE_CA (8)

Opened Include File: malloc.h (9)
Closing Include: malloc.h (9). Returning to Module: PARSE_CA (8)

Opened Include File: ca.h (9)
Closing Include: ca.h (9). Returning to Module: PARSE_CA (8)

Opened Include File: ca_decl.h (9)
Closing Include: ca_decl.h (9). Returning to Module: PARSE_CA (8)

Opened Include File: keywords.h (9)
Closing Include: keywords.h (9). Returning to Module: PARSE_CA (8)

USER DEFINED TYPES AND MODIFIERS IN: PARSE_CA 
0: _FAR_ [ Modifier ]
1: size_t [ Type ]
2: va_list [ Type ]
3: FILE [ Type ]
4: fpos_t [ Type ]
5: _LOADDS_ [ Modifier ]
6: onexit_t [ Type ]
7: div_t [ Type ]
8: ldiv_t [ Type ]
9: _HEAPINFO [ Type ]
10: IF_DEF [ Type ]



#UNDEFS & BOOLEAN DEFINES WITH TRUTH VALUES
_FAR_, 1
_SIZE_T_DEFINED, 1
_VA_LIST_DEFINED, 1
_FILE_DEFINED, 1
_FPOS_T_DEFINED, 1
_STDIO_DEFINED, 1
getc, 0
putc, 0
getchar, 0
putchar, 0
_LOADDS_, 1
_ONEXIT_T_DEFINED, 1
_DIV_T_DEFINED, 1
_CTYPE_DEFINED, 1
_HEAPINFO_DEFINED, 1
FUNC_STRUC, 1
_GLOBALS_LIST, 1
IFDEFS_DEFINED, 1
EXTERNAL, 1
TYPES_DEFINED, 1


Second Pass: PARSE_CA

Opened Include File: stdio.h (9)
Closing Include: stdio.h (9). Returning to Module: PARSE_CA (8)

Opened Include File: stdlib.h (9)
Closing Include: stdlib.h (9). Returning to Module: PARSE_CA (8)

Opened Include File: string.h (9)
Closing Include: string.h (9). Returning to Module: PARSE_CA (8)

Opened Include File: ctype.h (9)
Closing Include: ctype.h (9). Returning to Module: PARSE_CA (8)

Opened Include File: malloc.h (9)
Closing Include: malloc.h (9). Returning to Module: PARSE_CA (8)

Opened Include File: ca.h (9)
Closing Include: ca.h (9). Returning to Module: PARSE_CA (8)

Opened Include File: ca_decl.h (9)
Closing Include: ca_decl.h (9). Returning to Module: PARSE_CA (8)

Opened Include File: keywords.h (9)
Closing Include: keywords.h (9). Returning to Module: PARSE_CA (8)


#UNDEFS & BOOLEAN DEFINES WITH TRUTH VALUES
_FAR_, 1
_SIZE_T_DEFINED, 1
_VA_LIST_DEFINED, 1
_FILE_DEFINED, 1
_FPOS_T_DEFINED, 1
_STDIO_DEFINED, 1
getc, 0
putc, 0
getchar, 0
putchar, 0
_LOADDS_, 1
_ONEXIT_T_DEFINED, 1
_DIV_T_DEFINED, 1
_CTYPE_DEFINED, 1
_HEAPINFO_DEFINED, 1
FUNC_STRUC, 1
_GLOBALS_LIST, 1
IFDEFS_DEFINED, 1
EXTERNAL, 1
TYPES_DEFINED, 1


**********

First Pass: XRF_CA

Opened Include File: stdio.h (9)
Closing Include: stdio.h (9). Returning to Module: XRF_CA (8)

Opened Include File: string.h (9)
Closing Include: string.h (9). Returning to Module: XRF_CA (8)

Opened Include File: stdlib.h (9)
Closing Include: stdlib.h (9). Returning to Module: XRF_CA (8)

Opened Include File: ca.h (9)
Closing Include: ca.h (9). Returning to Module: XRF_CA (8)

Opened Include File: ca_decl.h (9)
Closing Include: ca_decl.h (9). Returning to Module: XRF_CA (8)

USER DEFINED TYPES AND MODIFIERS IN: XRF_CA 
0: _FAR_ [ Modifier ]
1: size_t [ Type ]
2: va_list [ Type ]
3: FILE [ Type ]
4: fpos_t [ Type ]
5: _LOADDS_ [ Modifier ]
6: onexit_t [ Type ]
7: div_t [ Type ]
8: ldiv_t [ Type ]
9: IF_DEF [ Type ]



#UNDEFS & BOOLEAN DEFINES WITH TRUTH VALUES
_FAR_, 1
_SIZE_T_DEFINED, 1
_VA_LIST_DEFINED, 1
_FILE_DEFINED, 1
_FPOS_T_DEFINED, 1
_STDIO_DEFINED, 1
getc, 0
putc, 0
getchar, 0
putchar, 0
_LOADDS_, 1
_ONEXIT_T_DEFINED, 1
_DIV_T_DEFINED, 1
EXIT_CODES, 1
FUNC_STRUC, 1
_GLOBALS_LIST, 1
IFDEFS_DEFINED, 1


Second Pass: XRF_CA

Opened Include File: stdio.h (9)
Closing Include: stdio.h (9). Returning to Module: XRF_CA (8)

Opened Include File: string.h (9)
Closing Include: string.h (9). Returning to Module: XRF_CA (8)

Opened Include File: stdlib.h (9)
Closing Include: stdlib.h (9). Returning to Module: XRF_CA (8)

Opened Include File: ca.h (9)
Closing Include: ca.h (9). Returning to Module: XRF_CA (8)

Opened Include File: ca_decl.h (9)
Closing Include: ca_decl.h (9). Returning to Module: XRF_CA (8)


#UNDEFS & BOOLEAN DEFINES WITH TRUTH VALUES
_FAR_, 1
_SIZE_T_DEFINED, 1
_VA_LIST_DEFINED, 1
_FILE_DEFINED, 1
_FPOS_T_DEFINED, 1
_STDIO_DEFINED, 1
getc, 0
putc, 0
getchar, 0
putchar, 0
_LOADDS_, 1
_ONEXIT_T_DEFINED, 1
_DIV_T_DEFINED, 1
EXIT_CODES, 1
FUNC_STRUC, 1
_GLOBALS_LIST, 1
IFDEFS_DEFINED, 1


**********

First Pass: GLOB_CA

Opened Include File: stdio.h (9)
Closing Include: stdio.h (9). Returning to Module: GLOB_CA (8)

Opened Include File: string.h (9)
Closing Include: string.h (9). Returning to Module: GLOB_CA (8)

Opened Include File: malloc.h (9)
Closing Include: malloc.h (9). Returning to Module: GLOB_CA (8)

Opened Include File: ctype.h (9)
Closing Include: ctype.h (9). Returning to Module: GLOB_CA (8)

Opened Include File: ca.h (9)
Closing Include: ca.h (9). Returning to Module: GLOB_CA (8)

Opened Include File: ca_decl.h (9)
Closing Include: ca_decl.h (9). Returning to Module: GLOB_CA (8)

Opened Include File: keywords.h (9)
Closing Include: keywords.h (9). Returning to Module: GLOB_CA (8)

USER DEFINED TYPES AND MODIFIERS IN: GLOB_CA 
0: _FAR_ [ Modifier ]
1: size_t [ Type ]
2: va_list [ Type ]
3: FILE [ Type ]
4: fpos_t [ Type ]
5: _HEAPINFO [ Type ]
6: IF_DEF [ Type ]



#UNDEFS & BOOLEAN DEFINES WITH TRUTH VALUES
_FAR_, 1
_SIZE_T_DEFINED, 1
_VA_LIST_DEFINED, 1
_FILE_DEFINED, 1
_FPOS_T_DEFINED, 1
_STDIO_DEFINED, 1
getc, 0
putc, 0
getchar, 0
putchar, 0
_HEAPINFO_DEFINED, 1
_CTYPE_DEFINED, 1
EXTERNAL, 1
INCLUDEFILES_DEFINE, 1
TYPEDEF_DEFINE, 1
TDEF_EXTERNAL, 1
FUNC_STRUC, 1
_GLOBALS_LIST, 1
IFDEFS_DEFINED, 1
TYPES_DEFINED, 1


Second Pass: GLOB_CA

Opened Include File: stdio.h (9)
Closing Include: stdio.h (9). Returning to Module: GLOB_CA (8)

Opened Include File: string.h (9)
Closing Include: string.h (9). Returning to Module: GLOB_CA (8)

Opened Include File: malloc.h (9)
Closing Include: malloc.h (9). Returning to Module: GLOB_CA (8)

Opened Include File: ctype.h (9)
Closing Include: ctype.h (9). Returning to Module: GLOB_CA (8)

Opened Include File: ca.h (9)
Closing Include: ca.h (9). Returning to Module: GLOB_CA (8)

Opened Include File: ca_decl.h (9)
Closing Include: ca_decl.h (9). Returning to Module: GLOB_CA (8)

Opened Include File: keywords.h (9)
Closing Include: keywords.h (9). Returning to Module: GLOB_CA (8)


#UNDEFS & BOOLEAN DEFINES WITH TRUTH VALUES
_FAR_, 1
_SIZE_T_DEFINED, 1
_VA_LIST_DEFINED, 1
_FILE_DEFINED, 1
_FPOS_T_DEFINED, 1
_STDIO_DEFINED, 1
getc, 0
putc, 0
getchar, 0
putchar, 0
_HEAPINFO_DEFINED, 1
_CTYPE_DEFINED, 1
EXTERNAL, 1
INCLUDEFILES_DEFINE, 1
TYPEDEF_DEFINE, 1
TDEF_EXTERNAL, 1
FUNC_STRUC, 1
_GLOBALS_LIST, 1
IFDEFS_DEFINED, 1
TYPES_DEFINED, 1


**********

First Pass: TDEF_CA

Opened Include File: stdio.h (9)
Closing Include: stdio.h (9). Returning to Module: TDEF_CA (8)

Opened Include File: string.h (9)
Closing Include: string.h (9). Returning to Module: TDEF_CA (8)

Opened Include File: ctype.h (9)
Closing Include: ctype.h (9). Returning to Module: TDEF_CA (8)

Opened Include File: ca.h (9)
Closing Include: ca.h (9). Returning to Module: TDEF_CA (8)

Opened Include File: ca_decl.h (9)
Closing Include: ca_decl.h (9). Returning to Module: TDEF_CA (8)

USER DEFINED TYPES AND MODIFIERS IN: TDEF_CA 
0: _FAR_ [ Modifier ]
1: size_t [ Type ]
2: va_list [ Type ]
3: FILE [ Type ]
4: fpos_t [ Type ]
5: IF_DEF [ Type ]



#UNDEFS & BOOLEAN DEFINES WITH TRUTH VALUES
_FAR_, 1
_SIZE_T_DEFINED, 1
_VA_LIST_DEFINED, 1
_FILE_DEFINED, 1
_FPOS_T_DEFINED, 1
_STDIO_DEFINED, 1
getc, 0
putc, 0
getchar, 0
putchar, 0
_CTYPE_DEFINED, 1
TYPEDEF_DEFINE, 1
TDEF_CA, 1
FUNC_STRUC, 1
_GLOBALS_LIST, 1
IFDEFS_DEFINED, 1


Second Pass: TDEF_CA

Opened Include File: stdio.h (9)
Closing Include: stdio.h (9). Returning to Module: TDEF_CA (8)

Opened Include File: string.h (9)
Closing Include: string.h (9). Returning to Module: TDEF_CA (8)

Opened Include File: ctype.h (9)
Closing Include: ctype.h (9). Returning to Module: TDEF_CA (8)

Opened Include File: ca.h (9)
Closing Include: ca.h (9). Returning to Module: TDEF_CA (8)

Opened Include File: ca_decl.h (9)
Closing Include: ca_decl.h (9). Returning to Module: TDEF_CA (8)


#UNDEFS & BOOLEAN DEFINES WITH TRUTH VALUES
_FAR_, 1
_SIZE_T_DEFINED, 1
_VA_LIST_DEFINED, 1
_FILE_DEFINED, 1
_FPOS_T_DEFINED, 1
_STDIO_DEFINED, 1
getc, 0
putc, 0
getchar, 0
putchar, 0
_CTYPE_DEFINED, 1
TYPEDEF_DEFINE, 1
TDEF_CA, 1
FUNC_STRUC, 1
_GLOBALS_LIST, 1
IFDEFS_DEFINED, 1


**********

First Pass: INTF_CA

Opened Include File: stdio.h (9)
Closing Include: stdio.h (9). Returning to Module: INTF_CA (8)

Opened Include File: string.h (9)
Closing Include: string.h (9). Returning to Module: INTF_CA (8)

Opened Include File: graph.h (9)
Closing Include: graph.h (9). Returning to Module: INTF_CA (8)

Opened Include File: malloc.h (9)
Closing Include: malloc.h (9). Returning to Module: INTF_CA (8)

Opened Include File: stdlib.h (9)
Closing Include: stdlib.h (9). Returning to Module: INTF_CA (8)

Opened Include File: conio.h (9)
Closing Include: conio.h (9). Returning to Module: INTF_CA (8)

Opened Include File: dos.h (9)
Closing Include: dos.h (9). Returning to Module: INTF_CA (8)

Opened Include File: direct.h (9)
Closing Include: direct.h (9). Returning to Module: INTF_CA (8)

Opened Include File: errno.h (9)
Closing Include: errno.h (9). Returning to Module: INTF_CA (8)

Opened Include File: ca.h (9)
Closing Include: ca.h (9). Returning to Module: INTF_CA (8)

Opened Include File: ca_decl.h (9)
Closing Include: ca_decl.h (9). Returning to Module: INTF_CA (8)

USER DEFINED TYPES AND MODIFIERS IN: INTF_CA 
0: _FAR_ [ Modifier ]
1: size_t [ Type ]
2: va_list [ Type ]
3: FILE [ Type ]
4: fpos_t [ Type ]
5: _HEAPINFO [ Type ]
6: _LOADDS_ [ Modifier ]
7: onexit_t [ Type ]
8: div_t [ Type ]
9: ldiv_t [ Type ]
10: IF_DEF [ Type ]



#UNDEFS & BOOLEAN DEFINES WITH TRUTH VALUES
_FAR_, 1
_SIZE_T_DEFINED, 1
_VA_LIST_DEFINED, 1
_FILE_DEFINED, 1
_FPOS_T_DEFINED, 1
_STDIO_DEFINED, 1
getc, 0
putc, 0
getchar, 0
putchar, 0
_VIDEOCONFIG_DEFINED, 1
_XYCOORD_DEFINED, 1
_RCCOORD_DEFINED, 1
_WXYCOORD_DEFINED, 1
_FONTINFO_DEFINED, 1
_HEAPINFO_DEFINED, 1
_LOADDS_, 1
_ONEXIT_T_DEFINED, 1
_DIV_T_DEFINED, 1
_REGS_DEFINED, 1
_DOSERROR_DEFINED, 1
_FIND_T_DEFINED, 1
_DATETIME_T_DEFINED, 1
_DISKFREE_T_DEFINED, 1
EXIT_CODES, 1
FUNC_STRUC, 1
_GLOBALS_LIST, 1
IFDEFS_DEFINED, 1


Second Pass: INTF_CA

Opened Include File: stdio.h (9)
Closing Include: stdio.h (9). Returning to Module: INTF_CA (8)

Opened Include File: string.h (9)
Closing Include: string.h (9). Returning to Module: INTF_CA (8)

Opened Include File: graph.h (9)
Closing Include: graph.h (9). Returning to Module: INTF_CA (8)

Opened Include File: malloc.h (9)
Closing Include: malloc.h (9). Returning to Module: INTF_CA (8)

Opened Include File: stdlib.h (9)
Closing Include: stdlib.h (9). Returning to Module: INTF_CA (8)

Opened Include File: conio.h (9)
Closing Include: conio.h (9). Returning to Module: INTF_CA (8)

Opened Include File: dos.h (9)
Closing Include: dos.h (9). Returning to Module: INTF_CA (8)

Opened Include File: direct.h (9)
Closing Include: direct.h (9). Returning to Module: INTF_CA (8)

Opened Include File: errno.h (9)
Closing Include: errno.h (9). Returning to Module: INTF_CA (8)

Opened Include File: ca.h (9)
Closing Include: ca.h (9). Returning to Module: INTF_CA (8)

Opened Include File: ca_decl.h (9)
Closing Include: ca_decl.h (9). Returning to Module: INTF_CA (8)


#UNDEFS & BOOLEAN DEFINES WITH TRUTH VALUES
_FAR_, 1
_SIZE_T_DEFINED, 1
_VA_LIST_DEFINED, 1
_FILE_DEFINED, 1
_FPOS_T_DEFINED, 1
_STDIO_DEFINED, 1
getc, 0
putc, 0
getchar, 0
putchar, 0
_VIDEOCONFIG_DEFINED, 1
_XYCOORD_DEFINED, 1
_RCCOORD_DEFINED, 1
_WXYCOORD_DEFINED, 1
_FONTINFO_DEFINED, 1
_HEAPINFO_DEFINED, 1
_LOADDS_, 1
_ONEXIT_T_DEFINED, 1
_DIV_T_DEFINED, 1
_REGS_DEFINED, 1
_DOSERROR_DEFINED, 1
_FIND_T_DEFINED, 1
_DATETIME_T_DEFINED, 1
_DISKFREE_T_DEFINED, 1
EXIT_CODES, 1
FUNC_STRUC, 1
_GLOBALS_LIST, 1
IFDEFS_DEFINED, 1


**********

First Pass: UTIL_CA

Opened Include File: stdlib.h (9)
Closing Include: stdlib.h (9). Returning to Module: UTIL_CA (8)

Opened Include File: string.h (9)
Closing Include: string.h (9). Returning to Module: UTIL_CA (8)

Opened Include File: stdio.h (9)
Closing Include: stdio.h (9). Returning to Module: UTIL_CA (8)

Opened Include File: time.h (9)
Closing Include: time.h (9). Returning to Module: UTIL_CA (8)

Opened Include File: ctype.h (9)
Closing Include: ctype.h (9). Returning to Module: UTIL_CA (8)

Opened Include File: ca.h (9)
Closing Include: ca.h (9). Returning to Module: UTIL_CA (8)

Opened Include File: ca_decl.h (9)
Closing Include: ca_decl.h (9). Returning to Module: UTIL_CA (8)

Opened Include File: keywords.h (9)
Closing Include: keywords.h (9). Returning to Module: UTIL_CA (8)

USER DEFINED TYPES AND MODIFIERS IN: UTIL_CA 
0: _FAR_ [ Modifier ]
1: _LOADDS_ [ Modifier ]
2: size_t [ Type ]
3: onexit_t [ Type ]
4: div_t [ Type ]
5: ldiv_t [ Type ]
6: va_list [ Type ]
7: FILE [ Type ]
8: fpos_t [ Type ]
9: time_t [ Type ]
10: clock_t [ Type ]
11: IF_DEF [ Type ]



#UNDEFS & BOOLEAN DEFINES WITH TRUTH VALUES
_FAR_, 1
_LOADDS_, 1
_SIZE_T_DEFINED, 1
_ONEXIT_T_DEFINED, 1
_DIV_T_DEFINED, 1
_VA_LIST_DEFINED, 1
_FILE_DEFINED, 1
_FPOS_T_DEFINED, 1
_STDIO_DEFINED, 1
getc, 0
putc, 0
getchar, 0
putchar, 0
_TIME_T_DEFINED, 1
_CLOCK_T_DEFINED, 1
_TM_DEFINED, 1
_CTYPE_DEFINED, 1
INCLUDEFILES_DEFINE, 1
FUNC_STRUC, 1
_GLOBALS_LIST, 1
IFDEFS_DEFINED, 1
EXTERNAL, 1
TYPES_DEFINED, 1


Second Pass: UTIL_CA

Opened Include File: stdlib.h (9)
Closing Include: stdlib.h (9). Returning to Module: UTIL_CA (8)

Opened Include File: string.h (9)
Closing Include: string.h (9). Returning to Module: UTIL_CA (8)

Opened Include File: stdio.h (9)
Closing Include: stdio.h (9). Returning to Module: UTIL_CA (8)

Opened Include File: time.h (9)
Closing Include: time.h (9). Returning to Module: UTIL_CA (8)

Opened Include File: ctype.h (9)
Closing Include: ctype.h (9). Returning to Module: UTIL_CA (8)

Opened Include File: ca.h (9)
Closing Include: ca.h (9). Returning to Module: UTIL_CA (8)

Opened Include File: ca_decl.h (9)
Closing Include: ca_decl.h (9). Returning to Module: UTIL_CA (8)

Opened Include File: keywords.h (9)
Closing Include: keywords.h (9). Returning to Module: UTIL_CA (8)


#UNDEFS & BOOLEAN DEFINES WITH TRUTH VALUES
_FAR_, 1
_LOADDS_, 1
_SIZE_T_DEFINED, 1
_ONEXIT_T_DEFINED, 1
_DIV_T_DEFINED, 1
_VA_LIST_DEFINED, 1
_FILE_DEFINED, 1
_FPOS_T_DEFINED, 1
_STDIO_DEFINED, 1
getc, 0
putc, 0
getchar, 0
putchar, 0
_TIME_T_DEFINED, 1
_CLOCK_T_DEFINED, 1
_TM_DEFINED, 1
_CTYPE_DEFINED, 1
INCLUDEFILES_DEFINE, 1
FUNC_STRUC, 1
_GLOBALS_LIST, 1
IFDEFS_DEFINED, 1
EXTERNAL, 1
TYPES_DEFINED, 1


**********

First Pass: UTLG_CA

Opened Include File: stdio.h (9)
Closing Include: stdio.h (9). Returning to Module: UTLG_CA (8)

Opened Include File: stdlib.h (9)
Closing Include: stdlib.h (9). Returning to Module: UTLG_CA (8)

Opened Include File: string.h (9)
Closing Include: string.h (9). Returning to Module: UTLG_CA (8)

Opened Include File: ctype.h (9)
Closing Include: ctype.h (9). Returning to Module: UTLG_CA (8)

Opened Include File: malloc.h (9)
Closing Include: malloc.h (9). Returning to Module: UTLG_CA (8)

Opened Include File: ca.h (9)
Closing Include: ca.h (9). Returning to Module: UTLG_CA (8)

Opened Include File: ca_decl.h (9)
Closing Include: ca_decl.h (9). Returning to Module: UTLG_CA (8)

Opened Include File: keywords.h (9)
Closing Include: keywords.h (9). Returning to Module: UTLG_CA (8)

USER DEFINED TYPES AND MODIFIERS IN: UTLG_CA 
0: _FAR_ [ Modifier ]
1: size_t [ Type ]
2: va_list [ Type ]
3: FILE [ Type ]
4: fpos_t [ Type ]
5: _LOADDS_ [ Modifier ]
6: onexit_t [ Type ]
7: div_t [ Type ]
8: ldiv_t [ Type ]
9: _HEAPINFO [ Type ]
10: IF_DEF [ Type ]



#UNDEFS & BOOLEAN DEFINES WITH TRUTH VALUES
_FAR_, 1
_SIZE_T_DEFINED, 1
_VA_LIST_DEFINED, 1
_FILE_DEFINED, 1
_FPOS_T_DEFINED, 1
_STDIO_DEFINED, 1
getc, 0
putc, 0
getchar, 0
putchar, 0
_LOADDS_, 1
_ONEXIT_T_DEFINED, 1
_DIV_T_DEFINED, 1
_CTYPE_DEFINED, 1
_HEAPINFO_DEFINED, 1
TYPEDEF_DEFINE, 1
TDEF_EXTERNAL, 1
EXTERNAL, 1
EXIT_CODES, 1
FUNC_STRUC, 1
_GLOBALS_LIST, 1
IFDEFS_DEFINED, 1
TYPES_DEFINED, 1


Second Pass: UTLG_CA

Opened Include File: stdio.h (9)
Closing Include: stdio.h (9). Returning to Module: UTLG_CA (8)

Opened Include File: stdlib.h (9)
Closing Include: stdlib.h (9). Returning to Module: UTLG_CA (8)

Opened Include File: string.h (9)
Closing Include: string.h (9). Returning to Module: UTLG_CA (8)

Opened Include File: ctype.h (9)
Closing Include: ctype.h (9). Returning to Module: UTLG_CA (8)

Opened Include File: malloc.h (9)
Closing Include: malloc.h (9). Returning to Module: UTLG_CA (8)

Opened Include File: ca.h (9)
Closing Include: ca.h (9). Returning to Module: UTLG_CA (8)

Opened Include File: ca_decl.h (9)
Closing Include: ca_decl.h (9). Returning to Module: UTLG_CA (8)

Opened Include File: keywords.h (9)
Closing Include: keywords.h (9). Returning to Module: UTLG_CA (8)


#UNDEFS & BOOLEAN DEFINES WITH TRUTH VALUES
_FAR_, 1
_SIZE_T_DEFINED, 1
_VA_LIST_DEFINED, 1
_FILE_DEFINED, 1
_FPOS_T_DEFINED, 1
_STDIO_DEFINED, 1
getc, 0
putc, 0
getchar, 0
putchar, 0
_LOADDS_, 1
_ONEXIT_T_DEFINED, 1
_DIV_T_DEFINED, 1
_CTYPE_DEFINED, 1
_HEAPINFO_DEFINED, 1
TYPEDEF_DEFINE, 1
TDEF_EXTERNAL, 1
EXTERNAL, 1
EXIT_CODES, 1
FUNC_STRUC, 1
_GLOBALS_LIST, 1
IFDEFS_DEFINED, 1
TYPES_DEFINED, 1


**********

First Pass: IFDEF_CA

Opened Include File: stdio.h (9)
Closing Include: stdio.h (9). Returning to Module: IFDEF_CA (8)

Opened Include File: stdlib.h (9)
Closing Include: stdlib.h (9). Returning to Module: IFDEF_CA (8)

Opened Include File: string.h (9)
Closing Include: string.h (9). Returning to Module: IFDEF_CA (8)

Opened Include File: malloc.h (9)
Closing Include: malloc.h (9). Returning to Module: IFDEF_CA (8)

Opened Include File: ca.h (9)
Closing Include: ca.h (9). Returning to Module: IFDEF_CA (8)

Opened Include File: ca_decl.h (9)
Closing Include: ca_decl.h (9). Returning to Module: IFDEF_CA (8)

USER DEFINED TYPES AND MODIFIERS IN: IFDEF_CA 
0: _FAR_ [ Modifier ]
1: size_t [ Type ]
2: va_list [ Type ]
3: FILE [ Type ]
4: fpos_t [ Type ]
5: _LOADDS_ [ Modifier ]
6: onexit_t [ Type ]
7: div_t [ Type ]
8: ldiv_t [ Type ]
9: _HEAPINFO [ Type ]
10: IF_DEF [ Type ]
11: IF_DEF_STACK [ Type ]



#UNDEFS & BOOLEAN DEFINES WITH TRUTH VALUES
_FAR_, 1
_SIZE_T_DEFINED, 1
_VA_LIST_DEFINED, 1
_FILE_DEFINED, 1
_FPOS_T_DEFINED, 1
_STDIO_DEFINED, 1
getc, 0
putc, 0
getchar, 0
putchar, 0
_LOADDS_, 1
_ONEXIT_T_DEFINED, 1
_DIV_T_DEFINED, 1
_HEAPINFO_DEFINED, 1
EXIT_CODES, 1
IFDEFS_DEFINED, 1
FUNC_STRUC, 1
_GLOBALS_LIST, 1


Second Pass: IFDEF_CA

Opened Include File: stdio.h (9)
Closing Include: stdio.h (9). Returning to Module: IFDEF_CA (8)

Opened Include File: stdlib.h (9)
Closing Include: stdlib.h (9). Returning to Module: IFDEF_CA (8)

Opened Include File: string.h (9)
Closing Include: string.h (9). Returning to Module: IFDEF_CA (8)

Opened Include File: malloc.h (9)
Closing Include: malloc.h (9). Returning to Module: IFDEF_CA (8)

Opened Include File: ca.h (9)
Closing Include: ca.h (9). Returning to Module: IFDEF_CA (8)

Opened Include File: ca_decl.h (9)
Closing Include: ca_decl.h (9). Returning to Module: IFDEF_CA (8)


#UNDEFS & BOOLEAN DEFINES WITH TRUTH VALUES
_FAR_, 1
_SIZE_T_DEFINED, 1
_VA_LIST_DEFINED, 1
_FILE_DEFINED, 1
_FPOS_T_DEFINED, 1
_STDIO_DEFINED, 1
getc, 0
putc, 0
getchar, 0
putchar, 0
_LOADDS_, 1
_ONEXIT_T_DEFINED, 1
_DIV_T_DEFINED, 1
_HEAPINFO_DEFINED, 1
EXIT_CODES, 1
IFDEFS_DEFINED, 1
FUNC_STRUC, 1
_GLOBALS_LIST, 1


**********

First Pass: EXIT_CA

Opened Include File: stdio.h (9)
Closing Include: stdio.h (9). Returning to Module: EXIT_CA (8)

Opened Include File: string.h (9)
Closing Include: string.h (9). Returning to Module: EXIT_CA (8)

Opened Include File: stdlib.h (9)
Closing Include: stdlib.h (9). Returning to Module: EXIT_CA (8)

USER DEFINED TYPES AND MODIFIERS IN: EXIT_CA 
0: _FAR_ [ Modifier ]
1: size_t [ Type ]
2: va_list [ Type ]
3: FILE [ Type ]
4: fpos_t [ Type ]
5: _LOADDS_ [ Modifier ]
6: onexit_t [ Type ]
7: div_t [ Type ]
8: ldiv_t [ Type ]



#UNDEFS & BOOLEAN DEFINES WITH TRUTH VALUES
_FAR_, 1
_SIZE_T_DEFINED, 1
_VA_LIST_DEFINED, 1
_FILE_DEFINED, 1
_FPOS_T_DEFINED, 1
_STDIO_DEFINED, 1
getc, 0
putc, 0
getchar, 0
putchar, 0
_LOADDS_, 1
_ONEXIT_T_DEFINED, 1
_DIV_T_DEFINED, 1


Second Pass: EXIT_CA

Opened Include File: stdio.h (9)
Closing Include: stdio.h (9). Returning to Module: EXIT_CA (8)

Opened Include File: string.h (9)
Closing Include: string.h (9). Returning to Module: EXIT_CA (8)

Opened Include File: stdlib.h (9)
Closing Include: stdlib.h (9). Returning to Module: EXIT_CA (8)


#UNDEFS & BOOLEAN DEFINES WITH TRUTH VALUES
_FAR_, 1
_SIZE_T_DEFINED, 1
_VA_LIST_DEFINED, 1
_FILE_DEFINED, 1
_FPOS_T_DEFINED, 1
_STDIO_DEFINED, 1
getc, 0
putc, 0
getchar, 0
putchar, 0
_LOADDS_, 1
_ONEXIT_T_DEFINED, 1
_DIV_T_DEFINED, 1


**********

First Pass: TYPES_CA

Opened Include File: stdlib.h (9)
Closing Include: stdlib.h (9). Returning to Module: TYPES_CA (8)

Opened Include File: stdio.h (9)
Closing Include: stdio.h (9). Returning to Module: TYPES_CA (8)

Opened Include File: string.h (9)
Closing Include: string.h (9). Returning to Module: TYPES_CA (8)

Opened Include File: graph.h (9)
Closing Include: graph.h (9). Returning to Module: TYPES_CA (8)

Opened Include File: malloc.h (9)
Closing Include: malloc.h (9). Returning to Module: TYPES_CA (8)

Opened Include File: ctype.h (9)
Closing Include: ctype.h (9). Returning to Module: TYPES_CA (8)

Opened Include File: keywords.h (9)
Closing Include: keywords.h (9). Returning to Module: TYPES_CA (8)

Opened Include File: ca.h (9)
Closing Include: ca.h (9). Returning to Module: TYPES_CA (8)

Opened Include File: ca_decl.h (9)
Closing Include: ca_decl.h (9). Returning to Module: TYPES_CA (8)

USER DEFINED TYPES AND MODIFIERS IN: TYPES_CA 
0: _FAR_ [ Modifier ]
1: _LOADDS_ [ Modifier ]
2: size_t [ Type ]
3: onexit_t [ Type ]
4: div_t [ Type ]
5: ldiv_t [ Type ]
6: va_list [ Type ]
7: FILE [ Type ]
8: fpos_t [ Type ]
9: _HEAPINFO [ Type ]
10: IF_DEF [ Type ]



#UNDEFS & BOOLEAN DEFINES WITH TRUTH VALUES
_FAR_, 1
_LOADDS_, 1
_SIZE_T_DEFINED, 1
_ONEXIT_T_DEFINED, 1
_DIV_T_DEFINED, 1
_VA_LIST_DEFINED, 1
_FILE_DEFINED, 1
_FPOS_T_DEFINED, 1
_STDIO_DEFINED, 1
getc, 0
putc, 0
getchar, 0
putchar, 0
_VIDEOCONFIG_DEFINED, 1
_XYCOORD_DEFINED, 1
_RCCOORD_DEFINED, 1
_WXYCOORD_DEFINED, 1
_FONTINFO_DEFINED, 1
_HEAPINFO_DEFINED, 1
_CTYPE_DEFINED, 1
INCLUDEFILES_DEFINE, 1
TYPEDEF_DEFINE, 1
TDEF_EXTERNAL, 1
TDEF_NUM, 1
EXTERNAL, 1
TYPES_DEFINED, 1
FUNC_STRUC, 1
_GLOBALS_LIST, 1
IFDEFS_DEFINED, 1


Second Pass: TYPES_CA

Opened Include File: stdlib.h (9)
Closing Include: stdlib.h (9). Returning to Module: TYPES_CA (8)

Opened Include File: stdio.h (9)
Closing Include: stdio.h (9). Returning to Module: TYPES_CA (8)

Opened Include File: string.h (9)
Closing Include: string.h (9). Returning to Module: TYPES_CA (8)

Opened Include File: graph.h (9)
Closing Include: graph.h (9). Returning to Module: TYPES_CA (8)

Opened Include File: malloc.h (9)
Closing Include: malloc.h (9). Returning to Module: TYPES_CA (8)

Opened Include File: ctype.h (9)
Closing Include: ctype.h (9). Returning to Module: TYPES_CA (8)

Opened Include File: keywords.h (9)
Closing Include: keywords.h (9). Returning to Module: TYPES_CA (8)

Opened Include File: ca.h (9)
Closing Include: ca.h (9). Returning to Module: TYPES_CA (8)

Opened Include File: ca_decl.h (9)
Closing Include: ca_decl.h (9). Returning to Module: TYPES_CA (8)


#UNDEFS & BOOLEAN DEFINES WITH TRUTH VALUES
_FAR_, 1
_LOADDS_, 1
_SIZE_T_DEFINED, 1
_ONEXIT_T_DEFINED, 1
_DIV_T_DEFINED, 1
_VA_LIST_DEFINED, 1
_FILE_DEFINED, 1
_FPOS_T_DEFINED, 1
_STDIO_DEFINED, 1
getc, 0
putc, 0
getchar, 0
putchar, 0
_VIDEOCONFIG_DEFINED, 1
_XYCOORD_DEFINED, 1
_RCCOORD_DEFINED, 1
_WXYCOORD_DEFINED, 1
_FONTINFO_DEFINED, 1
_HEAPINFO_DEFINED, 1
_CTYPE_DEFINED, 1
INCLUDEFILES_DEFINE, 1
TYPEDEF_DEFINE, 1
TDEF_EXTERNAL, 1
TDEF_NUM, 1
EXTERNAL, 1
TYPES_DEFINED, 1
FUNC_STRUC, 1
_GLOBALS_LIST, 1
IFDEFS_DEFINED, 1



*******
*******
ALPHABETICAL LIST OF GLOBAL SYMBOLS IN ALL MODULES

__COMPLEX_PROTOTYPES
__INCLF_LIMIT
__MODS[_MAX_MODS]
__TYP_MOD[__TYPEDEFS]
__TYPE_DEF[__TYPEDEFS][__TYPEDEFSIZE]
__TYPEDEF_COUNT
__TYPENUM
_AMBLKSIZ
_CTYPE[]
_DOSERRNO
_FILEINFO
_FMODE
_IOB[]
_OSMAJOR
_OSMINOR
_OSMODE
_OSVERSION
_PSP
BRACKETS
**BSEARCH_START
BUFFER[261]
BUFRING_LINE_HELD
*CALLING_FUNCTION
CHARACTER[128]
CHARS_TO_FN_NAME
*CLOSE_BRACKETS
COMMENT
COMPLEXDECLBUF[60]
COMPLEXP
*CURRENT
*CURRENTMOD
DAYLIGHT
*DEBUGPTR
DECLARE_FILE
ELIF_LEVEL
ELSE_LEVEL
*ELSEIF[DEFINE_TYPES]
ENDFUNCTION
*ENDING_SEMICOL
ENVIRON
ERRNO
*EXIT_MSG[]
*FIRSTFUNCTION
*FN_ALPHATOP
FNP_ASSIGNMENT
**FP_ADDRESS
*FUNC_TOP
*FUNCTION
*FUNCTION[]
FUNCTION_NO
GLFPSSIZE
*GLFPTRSTACK
GLFPTRSTACK_PTR
*GLOBAL
*GLOBALS_START
*HEADINGS[]
HOLD_STORAGE
IDENTIFIED
IF_CODE[DEFINE_TYPES]
IF_LEVEL
IF_STATUS[IFLEVEL_MAX]
IFDEFOFF
IN_MAINLOOP
IN_PARENTHESES
IN_STRUCTUNION
INCLF
INCLFINI
INCLFLINE
INI
*KEYWORDS[NKEY_WORDS]
*LAST
LINE
LINE_COUNT
LINENO
LOCATE
M_POS
*MODIFIERS[]
*MODULE[]
*MSG[2]
NEWINCLUDE[128]
*OPEN_BRACKETS
PAGE
*PREVIOUS
*PROG_LINE
READING_INCLUDEF
REGS
*REVRPT[]
*ROUTINE
RPT_FNAME[_MAX_FNAME]
*RPTFP
RPTFPATH[_MAX_PATH]
*SCRN_OUT
SCRN_OUT
*SCRN_OUT
SPLITNUMBER_RPF
*START_IFDEF_STACK
*START_USER_STACK
STRING
STRUNBUF[32]
SUBSTINCLUDE[128]
SWITCHES_FOUND
SYS_ERRLIST[]
SYS_NERR
T_POS
TDEF_OPEN
TIMEZONE
TOKEN[81]
*TOKEN_PTR
*TOP
*TOP_MOD
TYPEDEF_OPEN
*TYPES[]
TZNAME[2]
USER_HF_FUNC
USER_HF_VAR
USER_HFILE_ONLY
VERBOSE



END SCRNOUT
