
-STRUPPER_
-STRLOWER_
-GETDIR_
-FEXPND_
-FDATE_
-SAVDTA_
-DATE_FMT_
-TSECONDS_
-VBAR_
-EXEC_               CHAIN_
-CANT_
-CENTER_
-COPYFILE_
-CRC_CLEAR_          CRC_UPDATE_         CRC_FINISH_
-DETABS_
-TIME_PARSE_         DATE_PARSE_         DT_PARSE_
-FIND_ENV_
-GETCTL_
-GETDRV_
-GETINT_
-GET_UNIQ_
-HELP_
-HSECONDS_
-KBECHO_
-LTOA_
-L_JUST_
-MAKSTR_
-MKSTR_
-READABS_
-SECONDS_
-SHOW_ERR_
-SKPBLK_
-SKPTOK_
-GET_BLK_            KEY_CMP_            CPYBLK_             PUT_BLK_
 ADD_NDX_
-SUB_STR_
-USAGE_
-UTOA_
-XTOA_
-GET_CUR_
-DIRFST_
-DIRNXT_
-FIXPATH_
-Z_FILL_
-YYMMDD_
-C_JUST_
-ERROR_
-MAK_DEC_
-R_JUST_
-SHOWCH_
-SAVEDTA_
-RESTDTA_
-SETDTA_
-CHGATTR_
-CONOUT_
-ITOA_
-TRIM_
-SCR_SETUP_          SCR_TERM_           SCR_SETMODE_        SCR_ROWCOL_
 SCR_CLR_            SCR_CLRL_           SCR_CLS_            SCR_SCUP_
 SCR_SCRUP_          SCR_SCDN_           SCR_SCRDN_          SCR_CO_
 SCR_CI_             SCR_CSTS_           SCR_SET_CURSOR_     SCR_SINP_
 SCR_CURSOFF_        SCR_CURSON_         SCR_MARK_           SCR_APUTS_
-REVERSE_
